// Jest Snapshot v1, https://goo.gl/fbAQLP

exports[`<NumericInput /> renders 1`] = `
<TextInput
  allowFontScaling={true}
  autoCapitalize="none"
  autoCompleteType="off"
  autoCorrect={false}
  defaultValue="99"
  keyboardType="numeric"
  onChangeText={[Function]}
  rejectResponderTermination={true}
  style={
    Array [
      Object {
        "flex": 1,
        "fontSize": 18,
        "minHeight": 40,
      },
      undefined,
    ]
  }
  underlineColorAndroid="transparent"
/>
`;
